2026-08-03 09:02:27 [INFO]: Server is running on port 5000
2026-08-03 09:02:40 [INFO]: GET /api/appointments/app_1779237785715 304 2.845 ms - -
2026-08-03 09:03:22 [ERROR]: 404 - Appointment does not exist with this ID app_177923778571 - /api/appointments/app_177923778571 - GET
2026-08-03 09:03:22 [INFO]: GET /api/appointments/app_177923778571 404 2.211 ms - 86
2026-08-03 09:07:51 [ERROR]: 404 - Appointment does not exist with this ID app_177923778571 - /api/appointments/app_177923778571 - GET
2026-08-03 09:07:51 [INFO]: GET /api/appointments/app_177923778571 404 1.115 ms - 86
2026-08-03 09:09:51 [INFO]: Server is running on port 5000
2026-08-03 09:16:02 [ERROR]: 404 - Appointment does not exist with this ID app_177923778571 - /api/appointments/app_177923778571 - GET
2026-08-03 09:16:02 [INFO]: GET /api/appointments/app_177923778571 404 3.634 ms - 86
2026-08-03 09:16:13 [INFO]: Server is running on port 5000
2026-08-03 10:54:57 [INFO]: Server is running on port 5000
2026-08-03 10:54:58 [INFO]: GET /api/appointments 304 2.579 ms - -
2026-08-03 10:55:10 [INFO]: GET /api/appointments 304 0.761 ms - -
2026-08-03 10:55:35 [INFO]: Server is running on port 5000
2026-08-03 10:55:36 [INFO]: GET /api/appointments 304 2.614 ms - -
2026-08-03 10:55:41 [INFO]: Server is running on port 5000
2026-08-03 10:55:42 [ERROR]: 403 - CORS Politikası: Bu origin için erişim izni bulunmuyor. - /api/appointments - GET
2026-08-03 10:55:54 [INFO]: Server is running on port 5000
2026-08-03 10:57:13 [INFO]: Server is running on port 5000
2026-08-03 11:00:08 [INFO]: GET /api/appointments 200 2.349 ms - 17234
2026-08-03 11:02:08 [INFO]: GET /api/appointments 304 1.175 ms - -
2026-08-03 11:02:13 [INFO]: GET /api/doctors 404 1.102 ms - 150
2026-08-03 11:02:19 [INFO]: GET /api/appointments?patientId=tvFNJgt 304 1.269 ms - -
2026-08-03 11:32:59 [INFO]: GET /api/appointments?patientId=tvFNJgt 304 1.833 ms - -
2026-08-03 15:28:44 [INFO]: Server is running on port 5000
2026-08-03 15:29:33 [INFO]: GET / 404 1.504 ms - 139
2026-08-03 15:29:43 [INFO]: GET /api/appointments?patientId=tvFNJgt 304 6.028 ms - -
2026-08-03 15:29:46 [INFO]: GET /api/appointments 304 0.814 ms - -
2026-08-03 15:41:37 [INFO]: POST /api/auth/login 404 0.745 ms - 154
2026-08-03 15:43:58 [INFO]: POST /api/auth/login 404 0.289 ms - 154
2026-08-03 15:47:48 [INFO]: Server is running on port 5000
2026-08-03 15:49:18 [INFO]: Server is running on port 5000
2026-08-03 15:49:22 [INFO]: Server is running on port 5000
2026-08-03 15:50:08 [INFO]: Server is running on port 5000
2026-08-03 15:50:37 [INFO]: Server is running on port 5000
2026-08-03 15:50:54 [INFO]: Server is running on port 5000
2026-08-03 15:50:57 [INFO]: GET /api/appointmentss - - ms - -
2026-08-03 15:50:57 [INFO]: GET /api/appointments 304 3.944 ms - -
2026-08-03 15:51:02 [INFO]: GET /api/appointmentss - - ms - -
2026-08-03 15:51:06 [INFO]: GET / - - ms - -
2026-08-03 15:51:06 [INFO]: GET /api/appointments 304 0.644 ms - -
2026-08-03 15:51:07 [INFO]: GET /api/appointments 304 0.950 ms - -
2026-08-03 15:51:08 [INFO]: GET /api/appointments 304 0.747 ms - -
2026-08-03 15:51:08 [INFO]: GET /api/appointments 304 0.653 ms - -
2026-08-03 15:51:08 [INFO]: GET /api/appointments 304 0.944 ms - -
2026-08-03 15:51:44 [INFO]: Server is running on port 5000
2026-08-03 15:51:48 [INFO]: GET /api/appointments 304 2.246 ms - -
2026-08-03 15:51:49 [ERROR]: 404 - Route not found: /api/appointmentss - /api/appointmentss - GET
2026-08-03 15:51:49 [INFO]: GET /api/appointmentss 404 0.885 ms - 65
2026-08-03 15:54:47 [ERROR]: 404 - Route not found: /api/auth/login - /api/auth/login - POST
2026-08-03 15:54:47 [INFO]: POST /api/auth/login 404 2.570 ms - 62
2026-08-03 16:37:38 [INFO]: Server is running on port 5000
